Copyright 1986-2019 Xilinx, Inc. All Rights Reserved.
--------------------------------------------------------------------------------------
| Tool Version : Vivado v.2019.1 (win64) Build 2552052 Fri May 24 14:49:42 MDT 2019
| Date         : Mon Mar  2 19:17:43 2020
| Host         : DESKTOP-AN2HNRA running 64-bit major release  (build 9200)
| Command      : report_control_sets -verbose -file top_level_control_sets_placed.rpt
| Design       : top_level
| Device       : xc7a35t
--------------------------------------------------------------------------------------

Control Set Information

Table of Contents
-----------------
1. Summary
2. Histogram
3. Flip-Flop Distribution
4. Detailed Control Set Information

1. Summary
----------

+----------------------------------------------------------+-------+
|                          Status                          | Count |
+----------------------------------------------------------+-------+
| Total control sets                                       |    49 |
|    Minimum number of control sets                        |    49 |
|    Addition due to synthesis replication                 |     0 |
|    Addition due to physical synthesis replication        |     0 |
| Unused register locations in slices containing registers |   199 |
+----------------------------------------------------------+-------+
* Control sets can be merged at opt_design using control_set_merge or merge_equivalent_drivers
** Run report_qor_suggestions for automated merging and remapping suggestions


2. Histogram
------------

+--------------------+-------+
|       Fanout       | Count |
+--------------------+-------+
| Total control sets |    49 |
| >= 0 to < 4        |     1 |
| >= 4 to < 6        |    48 |
| >= 6 to < 8        |     0 |
| >= 8 to < 10       |     0 |
| >= 10 to < 12      |     0 |
| >= 12 to < 14      |     0 |
| >= 14 to < 16      |     0 |
| >= 16              |     0 |
+--------------------+-------+
* Control sets can be remapped at either synth_design or opt_design


3. Flip-Flop Distribution
-------------------------

+--------------+-----------------------+------------------------+-----------------+--------------+
| Clock Enable | Synchronous Set/Reset | Asynchronous Set/Reset | Total Registers | Total Slices |
+--------------+-----------------------+------------------------+-----------------+--------------+
| No           | No                    | No                     |               1 |            1 |
| No           | No                    | Yes                    |               0 |            0 |
| No           | Yes                   | No                     |               4 |            1 |
| Yes          | No                    | No                     |             168 |           83 |
| Yes          | No                    | Yes                    |               0 |            0 |
| Yes          | Yes                   | No                     |              20 |            9 |
+--------------+-----------------------+------------------------+-----------------+--------------+


4. Detailed Control Set Information
-----------------------------------

+--------------------------+------------------------------+-------------------+------------------+----------------+
|       Clock Signal       |         Enable Signal        |  Set/Reset Signal | Slice Load Count | Bel Load Count |
+--------------------------+------------------------------+-------------------+------------------+----------------+
|  not_so_slow/slowclk/clk |                              |                   |                1 |              1 |
|  not_so_slow/slowclk/clk |                              | vga/h/ct_3/FF_2_0 |                1 |              4 |
|  not_so_slow/slowclk/clk | seg2/x/ct_2/CE0              |                   |                2 |              4 |
|  not_so_slow/slowclk/clk | vga/h/ct_2/Up04_out          | vga/h/ct_3/FF_2_0 |                1 |              4 |
|  not_so_slow/slowclk/clk | vga/h/ct_3/FF_2_0            | vga/v/ct_3/resetV |                2 |              4 |
|  not_so_slow/slowclk/clk | vga/v/ct_1/Up0               | vga/v/ct_3/resetV |                2 |              4 |
|  not_so_slow/slowclk/clk | vga/v/ct_2/Up04_out          | vga/v/ct_3/resetV |                2 |              4 |
|  not_so_slow/slowclk/clk | seg2/x/ct_2/FF_1_i_1__41_n_0 |                   |                3 |              4 |
|  not_so_slow/slowclk/clk | vga/v/ct_3/CE0_6             |                   |                1 |              4 |
|  not_so_slow/slowclk/clk | vga/v/ct_3/CE0_7             |                   |                1 |              4 |
|  not_so_slow/slowclk/clk | vga/v/ct_3/CE0               |                   |                2 |              4 |
|  not_so_slow/slowclk/clk | vga/v/ct_3/CE0_8             |                   |                2 |              4 |
|  not_so_slow/slowclk/clk | seg2/x/ct_1/CE0              |                   |                3 |              4 |
|  not_so_slow/slowclk/clk | vga/h/ct_1/FF_1_1            | vga/h/ct_3/FF_2_0 |                2 |              4 |
|  not_so_slow/slowclk/clk | seg4/y/ct_1/CE0_0            |                   |                2 |              4 |
|  not_so_slow/slowclk/clk | seg4/y/ct_1/CE0_1            |                   |                2 |              4 |
|  not_so_slow/slowclk/clk | seg5/x/ct_1/CE0              |                   |                2 |              4 |
|  not_so_slow/slowclk/clk | seg5/x/ct_2/CE0              |                   |                2 |              4 |
|  not_so_slow/slowclk/clk | seg5/x/ct_2/FF_1_i_1__44_n_0 |                   |                2 |              4 |
|  not_so_slow/slowclk/clk | seg5/y/ct_1/CE0_5            |                   |                2 |              4 |
|  not_so_slow/slowclk/clk | seg5/y/ct_1/CE0_0            |                   |                3 |              4 |
|  not_so_slow/slowclk/clk | seg6/y/ct_1/CE0_0            |                   |                2 |              4 |
|  not_so_slow/slowclk/clk | seg6/y/ct_1/CE0_5            |                   |                2 |              4 |
|  not_so_slow/slowclk/clk | seg6/x/ct_2/CE0              |                   |                4 |              4 |
|  not_so_slow/slowclk/clk | seg6/x/ct_2/CE0_1            |                   |                1 |              4 |
|  not_so_slow/slowclk/clk | seg6/x/ct_2/FF_1_i_1__45_n_0 |                   |                2 |              4 |
|  not_so_slow/slowclk/clk | seg4/x/ct_1/CE0              |                   |                2 |              4 |
|  not_so_slow/slowclk/clk | seg2/y/ct_1/CE0_0            |                   |                2 |              4 |
|  not_so_slow/slowclk/clk | seg2/y/ct_2/CE0              |                   |                2 |              4 |
|  not_so_slow/slowclk/clk | seg4/x/ct_2/CE0              |                   |                2 |              4 |
|  not_so_slow/slowclk/clk | seg4/x/ct_2/FF_1_i_1__43_n_0 |                   |                2 |              4 |
|  not_so_slow/slowclk/clk | seg3/x/ct_1/CE0              |                   |                1 |              4 |
|  not_so_slow/slowclk/clk | seg3/x/ct_2/FF_1_i_1__42_n_0 |                   |                2 |              4 |
|  not_so_slow/slowclk/clk | seg3/x/ct_2/CE0              |                   |                3 |              4 |
|  not_so_slow/slowclk/clk | seg3/y/ct_1/CE0_4            |                   |                2 |              4 |
|  not_so_slow/slowclk/clk | seg3/y/ct_1/CE0              |                   |                1 |              4 |
|  not_so_slow/slowclk/clk | seg3/y/ct_2/CE0              |                   |                2 |              4 |
|  not_so_slow/slowclk/clk | seg0/x/ct_2/CE0              |                   |                2 |              4 |
|  not_so_slow/slowclk/clk | seg0/x/ct_2/FF_1_i_1__39_n_0 |                   |                2 |              4 |
|  not_so_slow/slowclk/clk | seg0/y/ct_2/CE0              |                   |                3 |              4 |
|  not_so_slow/slowclk/clk | seg0/y/ct_1/CE0              |                   |                2 |              4 |
|  not_so_slow/slowclk/clk | seg0/y/ct_1/CE0_4            |                   |                2 |              4 |
|  not_so_slow/slowclk/clk | seg1/x/ct_1/CE0              |                   |                1 |              4 |
|  not_so_slow/slowclk/clk | seg1/x/ct_2/FF_1_i_1__40_n_0 |                   |                2 |              4 |
|  not_so_slow/slowclk/clk | seg1/x/ct_2/CE0              |                   |                2 |              4 |
|  not_so_slow/slowclk/clk | seg1/y/ct_1/CE0              |                   |                2 |              4 |
|  not_so_slow/slowclk/clk | seg1/y/ct_1/CE0_0            |                   |                1 |              4 |
|  not_so_slow/slowclk/clk | seg0/x/ct_1/CE0              |                   |                2 |              4 |
|  not_so_slow/slowclk/clk | seg1/y/ct_2/CE0              |                   |                1 |              4 |
+--------------------------+------------------------------+-------------------+------------------+----------------+


